class A{
   var x;
   new(x){
      this.x=x;
   }
}
class B{
   var x;
   new(x){
      this.x=x;
   }
}
class C{
   var x;
   var y;
   new(x,y){
      this.x=x;
      this.y=y;
   }
}
var map = {x:'blah'};
println(map.get("x"));
   
var a = new A('A');
var b = new B('B');
var c = new C('C', 'C');

x(a);
x(b);
x(c);
   
function x(a){
   println(a.x);
}

