
var binary = 0b0111011; // binary literal
var hex = 0xffe16; // hexidecimal literal
var template = "binary=${b} hex=${h} sum=${binary + hex}"; // double quote template
var string = 'binary=${b} hex=${h}'; // single quoted literal
var int = 11;
var long = 11L;
var double = 0.5d;
var float = 12.9f;
var set = {1, 2, "x", "y"}; // set
var list = [1, 2, 3]; // list
var map = {"a": 1, "b": 2}; // map
var empty = {:}; // empty map
var mix = [1, 2, {"a": {"a", "b", [55, 66]}}];
var array = new Byte[11]; // primitive byte[11]
var byte = array[1];
var matrix = new Long[10][22]; // multidimensional long[10][22];
var typed: Integer = 22;
var coercion: Double = "1.234e2"; // coercion to double
var instance = new HashMap(); // instantiate object
var type = coercion.class; // reference type

