var x = 11;
match(x){
   case 11: println(11);
   case 12: println("error");
   default: println("default");
}
class X {
}
class Y extends X{
}
class Z extends X{
}

const z = new Z();

match(z.class){
   case X: println("X");
   case Y: println("Y");
   case Z: println("Z");
}


// function Spa(){
//    println("Spa");
//    new FileOutputStream(new File("c:\\ss\\ss"));
// }
// Spa();
