class X{
}
System.err.println(X.class);
var x=new X();
var m = x.class;
var y = m.getModule();
System.err.println(y==null);

// destructuring
@Param
@Blah
module Y{

   @Wop
   class P {
   
      //@Override
      dump(){
         println("x");
      }
   }
   //@Attribute
   var x=10;
   var y=22;
   dump(){
      println("${x},${y}");
   }
}
println(Y.x);
println(Y.y);
Y.dump();

var p = new Y.P();
p.dump();

module Blah{
   class Foo{
      var a;
      var b;
      new(a,b){
         this.a=a;
         this.b=b;
      }
      toString(){
         return "${a}=${b} ${Y.x}";
      }
   }
}
var f = new Blah.Foo(1,2);
println(f);






