

var net = calculateNetFromGross(39352.50, 20.0);

function calculateNetFromGross(targetGross, vatPercentage) {
   var vatFactor = (vatPercentage/100.0);
   var net = targetGross - (targetGross * vatFactor);
   var gross = net + (net * vatFactor);
   
   while(gross < targetGross) {
      println("net=${net} gross=${gross}");
      sleep(100);
      net++;
      gross = net + (net * vatFactor);
   }

}
