
enum Direction {
   RIGHT(0), 
   DOWN(1), 
   LEFT(2), 
   UP(3);

   const value;

   new(value) {
      this.value = value;
   }

   getValue() {
      return value;
   }

   isHorizontal() {
      return value == 0 || value == 2;
   }

   isVertical() {
      return !isHorizontal();
   }

   getString() {
      switch (value) {
         case 0:
            return "RIGHT";
         case 1:
            return "DOWN";
         case 2:
            return "LEFT";
         case 3:
            return "UP";
      }

      return "";
   }
}

