
import android.graphics.Color;
import android.graphics.Point;
import android.util.Log;

class GreenApple extends Apple {
   static const SCORE = 10;

   new(fieldDimensions, snake, radius) : super(fieldDimensions, snake, radius, SCORE, Color.GREEN){
         println("Green apple created");
   }
}

