import java.util.Random;

import mario.core.MarioResourceManager;
import mario.core.MarioSoundManager;
import mario.core.animation.Animation;
import mario.objects.base.Creature;
import android.graphics.Bitmap;
import android.graphics.Point;


class FireBall extends Creature {


   private var dead: Animation;
   private var ball: Animation;
   private static var fb_1: Bitmap; 
   private static var fb_2: Bitmap; 
   private static var fb_3: Bitmap; 
   private static var fb_4: Bitmap; 
   private static var fb_5: Bitmap;
   private static var fb_6: Bitmap;
   private static var initialized: Boolean = false;
   public static var fireballsCount: Integer=0;

   public new(x: Integer, y: Integer, direction: Float, soundManager: MarioSoundManager): super(x, y, soundManager) {
      fireballsCount++;
      if (!initialized) {
         fb_1 =  MarioResourceManager.fb_1;//loadImage("baddies/fireball_1.png");
         fb_2 =  MarioResourceManager.fb_2;//loadImage("baddies/fireball_2.png");
         fb_3 =  MarioResourceManager.fb_3;//loadImage("baddies/fireball_3.png");
         fb_4 =  MarioResourceManager.fb_4;//loadImage("baddies/fireball_4.png");
         fb_5 =  MarioResourceManager.fb_5;//loadImage("baddies/fireball_5.png");
         fb_6 =  MarioResourceManager.fb_6;//loadImage("baddies/fireball_6.png");
         
         initialized = true;
      }
      ball = new Animation(150).addFrame(fb_1).addFrame(fb_2).addFrame(fb_3).addFrame(fb_4);
      

      dead = new Animation(-> {
         kill();
         fireballsCount--;
      }).setDAL(50).addFrame(fb_5).setDAL(100).addFrame(fb_6);
      //dead = new DeadAfterAnimation();
      // dead.addFrame(fb_5, 10);
      //dead.addFrame(fb_6, 10);
      setAnimation(ball);
      dx=direction*0.12f;
      //dy=0.3f;
   }

   public override xCollide(p: Point) {
      dx=0;
      dy=0;
      //super.xCollide(p);
      setAnimation(dead);
      soundManager.playKick();
      //setIsCollidable(false);
      //dx = 0;
      //dy=0;
   }
}

