import mario.util.Digest;

/**
    The Sound class is a container for sound samples. The sound
    samples are format-agnostic and are stored as a Byte array.
*/
class Sound {

    private const filename;
    private const samples;

    /**
        Create a new Sound object with the specified Byte array.
        The array is not copied.
    */
    public new(filename, samples) {
        this.filename = filename;
        this.samples = samples;
    }


    /**
        Returns this Sound's objects samples as a Byte array.
    */
    public getSamples() {
        return samples;
    }

}

