import test.TestCase;

class Score with Comparable {
   var score;
   new(score){
      this.score = score;
   }
   compareTo(other){
      return Double.compare(score, other.score);
   }
   toString(){
      return "${score}";
   }
}

class ArrayCoercionTest with TestCase {

   testArrayCoercion() {
      var array1: Score[] = [new Score(1.1), new Score(1.0), new Score(2.0)];
      var array2: Comparable[] = array1;
      var array3: Score[] = array2 as Score[];
      var array4: Comparable[] = array3;
      
      assert array1.length == 3;
      assert array1[0].score == 1.1;
      assert array1[1].score == 1.0;
      assert array1[2].score == 2.0;  
      
      assert array1.length == array2.length;
      assert array1[0] == array2[0];
      assert array1[1] == array2[1];
      assert array1[2] == array2[2]; 
      
      assert array2.length == 3;
      assert (array2[0] as Score).score == 1.1;
      assert (array2[1] as Score).score == 1.0;
      assert (array2[2] as Score).score == 2.0;  
      
      assert array2.length == array3.length;
      assert array2[0] == array3[0];
      assert array2[1] == array3[1];
      assert array2[2] == array3[2];    
      
      assert array3.length == 3;
      assert array3[0].score == 1.1;
      assert array3[1].score == 1.0;
      assert array3[2].score == 2.0;  
      
      assert array3.length == array4.length;
      assert array3[0] == array4[0];
      assert array3[1] == array4[1];
      assert array3[2] == array4[2];    
      
      assert array4.length == 3;
      assert (array2[0] as Score).score == 1.1;
      assert (array2[1] as Score).score == 1.0;
      assert (array2[2] as Score).score == 2.0;   
   }
}
