import util.stream.Collectors;
import test.TestCase;

class ArrayAsListTest with TestCase {

   testFileList(){
      var list = new File(".")
         .listFiles()
         .stream()
         .filter(f -> f.exists())
         .collect(Collectors.toList());
         
      assert !list.isEmpty();
      
      for(var file in list){
         assert file.exists();
         println(file.canonicalPath);
      }
   }
}
