import util.function.Function;
import test.TestCase;

class FunctionClosureTest with TestCase {

   testFunctions() {
      var upper: Function = x -> x.toUpperCase();
      println(upper);
      var str: String = upper
         .andThen(x -> `${x}a`)
         .andThen(x -> `a${x}`)
         .apply('hello');
      
      println(str);
   }
}

new FunctionClosureTest().testFunctions();