import lang.reflect.*;
import test.TestCase;

class ImportAllTest with TestCase {

   testImportAll(){
      println(Field.class.getName());
      println(Field.class.getModule().getName());
      
      assert Field.class.getModule().getName() == "lang.reflect";
      assert Field.class.getName() == "Field";
   }
}
