import static util.stream.Collectors.toMap;
import static lang.Math.max;
import static lang.Integer.*;
import test.TestCase;

class ImportStaticMethodTest with TestCase {

   testImports(){
      var hex = toHexString(255);
      var oct = toOctalString(255);
      println(hex);
      println(oct);
      
      assert oct == '377';
      assert hex == 'ff';
      assert max(22,1) == 22;
      assert max(3, 22) == 22;
   }
   
}
