import suite.example.*;
import test.TestCase;

class ImportExternalTest with TestCase {

   testExternalImport() {
      var a = new Shape.Point(1,2);
      var b = new Shape.Point(2,1);
      var l = new Shape.Line(a,b);
      
      println(l);
      
      assert a.x==1;
      assert a.y==2;
      assert b.x==2;
      assert b.y==1;
      assert l.a==a;
      assert l.b==b;
   }
}
