import test.TestCase;

class MapReferenceTest with TestCase {

   testMapReference(){
      var id = 123;
      var date = new Date();
      var map1 = {'id': id, 'date': date};
      var map2 = {'id': 'id', 'date': 'date'};
      var map3 = {id: 'id', date: 'date'};
      var map4 = {x: id, y: date};
      var map5 = {id: id, date: date};
      var map6 = {id: map5.get(id), date: map5.get(date)};
      
      assert map1.id == 123;
      assert map1.date == date;
      assert map2.id == 'id';
      assert map2.date == 'date';
      assert map2.id === 'id';
      assert map2.date === 'date';
      assert map3.get(id) == 'id';
      assert map3.get(date) == 'date';
      assert map4.x == id;
      assert map5.get(id) == id;
      assert map5.get(date) == date;
      assert map6.get(id) == map5.get(id);
      assert map6.get(date) == map5.get(date);
      assert map1.keySet == {'id', 'date'};
      assert map1.size == 2;
      assert map2.size == 2;
      assert map3.size == 2;
   }
   
}