import test.TestCase;

class RangeTest with TestCase {

   testForwardRange(){
      const l = [];
      for(var x in 0..10){
         l.add(x);
      }
      println(l);
      var x = 'x';
      assert x == 'x'; // make sure for(x) is out of scope
      assert l[0] == 0;
      assert l[1] == 1;
      assert l[2] == 2;
      assert l[3] == 3;
      assert l[4] == 4;
      assert l[5] == 5;
      assert l[6] == 6;
      assert l[7] == 7;
      assert l[8] == 8;
      assert l[9] == 9;
      assert l[10] == 10;   
   }
   
   testReverseRange(){
      const l = [];
      for(var x in 0 from 10){
         l.add(x);
      }
      println(l);
      var x = 'x';
      assert x == 'x'; // make sure for(x) is out of scopes
      assert l[0] == 10;
      assert l[1] == 9;
      assert l[2] == 8;
      assert l[3] == 7;
      assert l[4] == 6;
      assert l[5] == 5;
      assert l[6] == 4;
      assert l[7] == 3;
      assert l[8] == 2;
      assert l[9] == 1;
      assert l[10] == 0;   
   }
}
