// Given a function which produces a random integer in the range 1 to 5, 
// write a function which produces a random integer in the range 1 to 7.

import security.SecureRandom;

assert rand1to7(-> 5) == 7;
assert rand1to7(-> SecureRandom().nextInt(4) + 1) <= 7;

func rand1to7(rand1to5) {
   let total = 0;
   
   for(i in 1 to 7) {
      total += rand1to5(); // 5 * 7 = 35 / 5
   }
   return total / 5;
}