// https://leetcode.com/problems/two-sum/description/

let result = twoSum([2, 7, 11, 15], 9);

println(result);

func twoSum(nums, require) {
   let map = {:};
   
   for(i in 0 .. nums.length -1){
      map[nums[i]] = i;
   }
   for(i in 0 .. nums.length -1) {
      let index = map[require - nums[i]];
      
      if(index) {
         return [i, index];
      }
   }
   return [];
}