//https://leetcode.com/problems/word-break-ii/

assert wordBreak("catsanddog", ["cat", "cats", "and", "sand", "dog"]) == [["cat", "sand", "dog"], ["cats", "and", "dog"]];

func wordBreak(s, wordDict){
   let results = new LinkedList();
   
   for(i in 0 to s.length){
      let prefix = s.substring(0, i);
      
      if(wordDict.contains(prefix)) {
         let suffix = s.substring(i);
         
         if(suffix.length == 0){
            return [[prefix]];
         }
         let options = wordBreak(suffix, wordDict);
         
         if(options.length > 0) {
            for(option in options){
               let list = new LinkedList(option);
            
               list.addFirst(prefix);
               results.add(list);
            }
         }
      }
   }
   return results;
}