//https://leetcode.com/problems/word-break/

assert wordBreak("catsandog", ["cats", "dog", "sand", "and", "cat"]) == [];
assert wordBreak("applepenapple", ["apple", "pen"]) == ["apple", "pen", "apple"];

func wordBreak(s, wordDict) {
   let result = [];
   
   for(i in 0 to s.length) {
      let sub = s.substring(0, i);
      
      if(wordDict.contains(sub)) {
         let rem = s.substring(i);
         
         if(rem.length == 0) {
            result.add(sub);
            return result;
         }
         let results = wordBreak(rem, wordDict); // can remainder be broken
         
         if(results.length > 0) { // yes
            results.add(sub);
            result.addAll(results);
            return result;
         }
      }
   }
   return result;
}