import mario.core.GameRenderer;
import mario.core.animation.Animatible;
import mario.core.animation.Animation;
import android.graphics.Bitmap;
import android.graphics.Canvas;



class Tile extends Animatible {
   
   // fields
   private var tileX = 0;
   private var tileY = 0;
   private var pixelX = 0;
   private var pixelY = 0;
   public var img;
   
   public new(pixelX, pixelY, anim, img) {
      setTileX(GameRenderer.pixelsToTiles(pixelX));
      setTileY(GameRenderer.pixelsToTiles(pixelY));
      this.pixelX = pixelX;
      this.pixelY = pixelY;
      this.img = img;
      setAnimation(anim);
   }
   
   public new(pixelX, pixelY, img): this(pixelX, pixelY, null, img) {
   }
   
   public draw(g, pixelX, pixelY) {
      g.drawBitmap(getImage(), pixelX, pixelY, null);
   }
   
   public draw(g, pixelX, pixelY, offsetX, offsetY) {
      draw(g, pixelX + offsetX, pixelY + offsetY);
   }
   
   public getImage() {
      return (currentAnimation() == null) ? img : currentAnimation().getImage();
   }
   
   public getPixelX() {
      return pixelX;
   }
   
   public getPixelY() {
      return pixelY;
   }
   
   public getWidth() {
      return getImage().getWidth();
   }
   
   public getHeight() {
      return getImage().getHeight();
   }

   public getTileX() {
      return tileX;
   }

   public setTileX(tileX) {
      this.tileX = tileX;
   }

   public getTileY() {
      return tileY;
   }

   public setTileY(tileY) {
      this.tileY = tileY;
   }
} // Tile

