

module GenerateRequestBuilder {

   create(req): GenerateRequest{
      var source = req.getParameter("source");
      var name = req.getParameter("name");
      var success = req.getParameter("success");
      var message = req.getParameter("message");
      var action = req.getParameter("action");
      var key = req.getParameter("key");
      
      return new GenerateRequest(source, name, "on".equals(success), message, action, key);
   }
}